// Jest Snapshot v1, https://goo.gl/fbAQLP

exports[`the account disabled component matches the snapshot 1`] = `
.c2 {
  font-weight: 700;
  font-size: 2em;
}

.c1 {
  width: 200px;
  display: block;
  margin: 30px auto 25px;
}

.c0 {
  margin-top: 10vh;
  text-align: center;
}

.c3 {
  width: 384px;
  max-width: 100%;
  height: auto;
  margin-top: 2em;
}

<div
  className="c0"
>
  <img
    className="c1"
    size="200px"
    src="logoColor.svg"
  />
  <h1
    className="c2"
  >
    <span>
      Account disabled
    </span>
  </h1>
  <p>
    <span>
      If you would like to re-enable your account, please contact our 
      <a
        href="mailto:support@yoast.com"
      >
        support team
      </a>
      .
    </span>
  </p>
  <p>
    <span>
      Visit 
      <a
        href="https://yoast.com"
      >
        Yoast.com
      </a>
      .
    </span>
  </p>
  <img
    alt=""
    className="c3"
    src="PageNotFound.svg"
  />
</div>
`;
