// Jest Snapshot v1, https://goo.gl/fbAQLP

exports[`The AddSite component matches the snapshot 1`] = `
<div
  className="eUbKKo"
>
  <h1
    className="fMuHnF"
  >
    <span>
      Add Site
    </span>
  </h1>
  <form
    noValidate={true}
    onSubmit={[Function]}
  >
    <label
      htmlFor="add-site-input"
    >
      <span>
        Please enter the URL of the site you would like to link with your account:
      </span>
    </label>
    <input
      className="jeqQcj"
      defaultValue=""
      id="add-site-input"
      onChange={[Function]}
      placeholder="https://example-site.com"
      type="url"
    />
    <div
      className="eHlvIb"
    >
      <button
        className="fbRoWx"
        onClick={[Function]}
        type="button"
      >
        <span>
          cancel
        </span>
      </button>
      <button
        className="gJinel"
        onClick={[Function]}
        type="submit"
      >
        <span>
          connect
        </span>
      </button>
    </div>
  </form>
  <div
    className="ehuLPF"
  />
  <img
    alt=""
    className="ireVCO"
    src="addsite.svg"
  />
</div>
`;
