exports[`test The AddSiteModal component matches the snapshot 1`] = `
<div>
  <div
    className="hBejNq my-yoast-modal__content"
    contentLabel="Add a new site"
    id="Modal"
    isOpen={true}
    onRequestClose={[Function]}
    overlayClassName="hBejNq my-yoast-modal__overlay"
    role="dialog">
    <div
      className="hfMDPK">
      <h1
        className="dQgKWp">
        <span>
          Add Site
        </span>
      </h1>
      <p
        className="hUuGBg">
        <label
          htmlFor="addSiteInputField">
          <span>
            Please enter the URL of the site you would like to link with your account:
          </span>
        </label>
      </p>
      <input
        aria-describedby="addSiteInfo"
        className="jssTrf"
        defaultValue=""
        id="addSiteInputField"
        onChange={[Function]}
        placeholder="https://example-site.com"
        type="url" />
      <div
        className="gCxKqx">
        <div
          className="iMrCDo">
          <button
            className="cAeNWO"
            onClick={[Function]}
            type="button">
            <span>
              cancel
            </span>
          </button>
          <button
            className="gxQXtW"
            onClick={[Function]}
            type="button">
            <span>
              connect
            </span>
          </button>
        </div>
      </div>
      <div
        className="bPgglV" />
      <img
        alt=""
        className="ireVCO"
        src="addsite.svg" />
    </div>
  </div>
</div>
`;

exports[`test the addSiteModal handling an onClose event 1`] = `
<div>
  <div
    className="hBejNq my-yoast-modal__content"
    contentLabel="Add a new site"
    id="Modal"
    isOpen={true}
    onRequestClose={[Function]}
    overlayClassName="hBejNq my-yoast-modal__overlay"
    role="dialog">
    <div
      className="hfMDPK">
      <h1
        className="dQgKWp">
        <span>
          Add Site
        </span>
      </h1>
      <p
        className="hUuGBg">
        <label
          htmlFor="addSiteInputField">
          <span>
            Please enter the URL of the site you would like to link with your account:
          </span>
        </label>
      </p>
      <input
        aria-describedby="addSiteInfo"
        className="jssTrf"
        defaultValue=""
        id="addSiteInputField"
        onChange={[Function]}
        placeholder="https://example-site.com"
        type="url" />
      <div
        className="gCxKqx">
        <div
          className="iMrCDo">
          <button
            className="cAeNWO"
            onClick={[Function]}
            type="button">
            <span>
              cancel
            </span>
          </button>
          <button
            className="gxQXtW"
            onClick={[Function]}
            type="button">
            <span>
              connect
            </span>
          </button>
        </div>
      </div>
      <div
        className="bPgglV" />
      <img
        alt=""
        className="ireVCO"
        src="addsite.svg" />
    </div>
  </div>
</div>
`;

exports[`test the addSiteModal handling an onClose event 2`] = `
<div>
  <div
    className="hBejNq my-yoast-modal__content"
    contentLabel="Add a new site"
    id="Modal"
    isOpen={true}
    onRequestClose={[Function]}
    overlayClassName="hBejNq my-yoast-modal__overlay"
    role="dialog">
    <div
      className="hfMDPK">
      <h1
        className="dQgKWp">
        <span>
          Add Site
        </span>
      </h1>
      <p
        className="hUuGBg">
        <label
          htmlFor="addSiteInputField">
          <span>
            Please enter the URL of the site you would like to link with your account:
          </span>
        </label>
      </p>
      <input
        aria-describedby="addSiteInfo"
        className="jssTrf"
        defaultValue=""
        id="addSiteInputField"
        onChange={[Function]}
        placeholder="https://example-site.com"
        type="url" />
      <div
        className="gCxKqx">
        <div
          className="iMrCDo">
          <button
            className="cAeNWO"
            onClick={[Function]}
            type="button">
            <span>
              cancel
            </span>
          </button>
          <button
            className="gxQXtW"
            onClick={[Function]}
            type="button">
            <span>
              connect
            </span>
          </button>
        </div>
      </div>
      <div
        className="bPgglV" />
      <img
        alt=""
        className="ireVCO"
        src="addsite.svg" />
    </div>
  </div>
</div>
`;

exports[`test the addSiteModal handling an onConnect event 1`] = `
<div>
  <div
    className="hBejNq my-yoast-modal__content"
    contentLabel="Add a new site"
    id="Modal"
    isOpen={true}
    onRequestClose={[Function]}
    overlayClassName="hBejNq my-yoast-modal__overlay"
    role="dialog">
    <div
      className="hfMDPK">
      <h1
        className="dQgKWp">
        <span>
          Add Site
        </span>
      </h1>
      <p
        className="hUuGBg">
        <label
          htmlFor="addSiteInputField">
          <span>
            Please enter the URL of the site you would like to link with your account:
          </span>
        </label>
      </p>
      <input
        aria-describedby="addSiteInfo"
        className="jssTrf"
        defaultValue=""
        id="addSiteInputField"
        onChange={[Function]}
        placeholder="https://example-site.com"
        type="url" />
      <div
        className="gCxKqx">
        <div
          className="iMrCDo">
          <button
            className="cAeNWO"
            onClick={[Function]}
            type="button">
            <span>
              cancel
            </span>
          </button>
          <button
            className="gxQXtW"
            onClick={[Function]}
            type="button">
            <span>
              connect
            </span>
          </button>
        </div>
      </div>
      <div
        className="bPgglV" />
      <img
        alt=""
        className="ireVCO"
        src="addsite.svg" />
    </div>
  </div>
</div>
`;

exports[`test the addSiteModal handling an onConnect event 2`] = `
<div>
  <div
    className="hBejNq my-yoast-modal__content"
    contentLabel="Add a new site"
    id="Modal"
    isOpen={true}
    onRequestClose={[Function]}
    overlayClassName="hBejNq my-yoast-modal__overlay"
    role="dialog">
    <div
      className="hfMDPK">
      <h1
        className="dQgKWp">
        <span>
          Add Site
        </span>
      </h1>
      <p
        className="hUuGBg">
        <label
          htmlFor="addSiteInputField">
          <span>
            Please enter the URL of the site you would like to link with your account:
          </span>
        </label>
      </p>
      <input
        aria-describedby="addSiteInfo"
        className="jssTrf"
        defaultValue=""
        id="addSiteInputField"
        onChange={[Function]}
        placeholder="https://example-site.com"
        type="url" />
      <div
        className="gCxKqx">
        <div
          className="iMrCDo">
          <button
            className="cAeNWO"
            onClick={[Function]}
            type="button">
            <span>
              cancel
            </span>
          </button>
          <button
            className="gxQXtW"
            onClick={[Function]}
            type="button">
            <span>
              connect
            </span>
          </button>
        </div>
      </div>
      <div
        className="bPgglV" />
      <img
        alt=""
        className="ireVCO"
        src="addsite.svg" />
    </div>
  </div>
</div>
`;
