// Jest Snapshot v1, https://goo.gl/fbAQLP

exports[`The AdministratorLoginStep component matches the snapshot 1`] = `
.c4 {
  height: 48px;
  margin: 0;
  padding: 0 16px;
  border: 0;
  border-bottom: 2px solid rgba(0,0,0,0.2);
  background-color: #64a60a;
  color: #fff;
  box-shadow: 0 2px 4px 0 rgba(0,0,0,0.2);
  border-radius: 4px;
  font: 400 14px/24px "Open Sans",sans-serif;
  text-transform: uppercase;
  cursor: pointer;
  vertical-align: top;
  -webkit-transition: background-color 150ms ease-out;
  transition: background-color 150ms ease-out;
}

.c4:hover,
.c4:focus {
  box-shadow: 0 4px 10px 0 rgba(0,0,0,0.2),inset 0 0 0 100px rgba( 0,0,0,0.1 );
}

.c4:active {
  -webkit-transform: translateY( 1px );
  -ms-transform: translateY( 1px );
  transform: translateY( 1px );
  box-shadow: none;
}

.c7 {
  text-shadow: 0px 0px 2px #000;
}

.c3 {
  color: #000;
  box-shadow: none;
  background-color: #fff;
  border: 1px solid #000;
  min-width: 152px;
}

.c3:hover,
.c3:focus {
  background-color: #64a60a;
  color: #fff;
  box-shadow: 0 2px 4px 0 rgba(0,0,0,0.2);
  border: 0;
  text-shadow: 0px 0px 2px #000;
}

.c6 {
  min-width: 152px;
}

.c1 {
  -webkit-flex: 1 0 200px;
  -ms-flex: 1 0 200px;
  flex: 1 0 200px;
  padding-bottom: 16px;
  text-align: right;
}

.c1 a,
.c1 button {
  margin-left: 12px;
}

.c0 {
  margin-left: 12px;
}

@media screen and (max-width:800px) {
  .c1 {
    display: -webkit-box;
    display: -webkit-flex;
    display: -ms-flexbox;
    display: flex;
    -webkit-flex-direction: column;
    -ms-flex-direction: column;
    flex-direction: column;
    -webkit-align-items: center;
    -webkit-box-align: center;
    -ms-flex-align: center;
    align-items: center;
    -webkit-box-pack: center;
    -webkit-justify-content: center;
    -ms-flex-pack: center;
    justify-content: center;
  }

  .c1 a,
  .c1 button {
    margin-left: 0;
    margin-bottom: 8px;
  }
}

@media screen and ( max-width:800px ) {
  .c5 {
    width: 100%;
    background-image: none;
    padding: 12px 16px;
  }
}

@media screen and ( max-width:800px ) {
  .c2 {
    width: 100%;
    background-image: none;
    padding: 12px 16px;
  }
}

<div>
  <p>
    <span>
      We will, of course, need an administrator login to your site. Please confirm you have delivered this to us.
    </span>
  </p>
  <p>
    <input
      checked={true}
      id="administratorLoginConfirmation"
      onChange={[Function]}
      type="checkbox"
    />
    <label
      className="c0"
      htmlFor="administratorLoginConfirmation"
    >
      <span>
        I've created a new admin user with the email address install@yoast.com and send the details to that email address.
      </span>
    </label>
  </p>
  <div
    className="c1"
  >
    <button
      className="c2 c3 c4"
      onClick={[Function]}
      type="button"
    >
      <span>
        close
      </span>
    </button>
    <button
      className="c5 c6 c7 c4"
      onClick={[Function]}
      type="submit"
    >
      <span>
        continue
      </span>
    </button>
  </div>
</div>
`;
