exports[`test The Downloads component matches the snapshot 1`] = `
<div
  className="bFpGra">
  <div
    className="ijckaj">
    <h2
      className="eUCYpf">
      Yoast SEO
    </h2>
    <p
      className="hTJUTU">
       
      version 4.7
    </p>
    <img
      alt=""
      className="ieMZJu"
      src="Yoast_SEO_Icon_Small.svg" />
    <ul
      className="etVRNn">
      <li
        className="jVUpbY">
         
        <button
          className="gAzDzu"
          onClick={[Function]}>
          Download
        </button>
        <p
          className="bOQKYc">
          for Wordpress
        </p>
      </li>
      <li
        className="jVUpbY">
         
        <button
          className="gAzDzu"
          onClick={[Function]}>
          Download
        </button>
        <p
          className="bOQKYc">
          for Drupal
        </p>
      </li>
    </ul>
  </div>
  <div
    className="ijckaj">
    <h2
      className="eUCYpf">
      Local SEO
    </h2>
    <p
      className="hTJUTU">
       
      version 4.7
    </p>
    <img
      alt=""
      className="ieMZJu"
      src="Yoast_SEO_Icon_Small.svg" />
    <ul
      className="etVRNn">
      <li
        className="jVUpbY">
         
        <button
          className="gAzDzu"
          onClick={[Function]}>
          Download
        </button>
        <p
          className="bOQKYc">
          for Wordpress
        </p>
      </li>
    </ul>
  </div>
  <div
    className="ijckaj">
    <h2
      className="eUCYpf">
      Video SEO
    </h2>
    <p
      className="hTJUTU">
       
      version 4.7
    </p>
    <img
      alt=""
      className="ieMZJu"
      src="Yoast_SEO_Icon_Small.svg" />
    <ul
      className="etVRNn">
      <li
        className="jVUpbY">
         
        <button
          className="gAzDzu"
          onClick={[Function]}>
          Download
        </button>
        <p
          className="bOQKYc">
          for Wordpress
        </p>
      </li>
      <li
        className="jVUpbY">
         
        <button
          className="gAzDzu"
          onClick={[Function]}>
          Download
        </button>
        <p
          className="bOQKYc">
          for Drupal
        </p>
      </li>
      <li
        className="jVUpbY">
         
        <button
          className="gAzDzu"
          onClick={[Function]}>
          Download
        </button>
        <p
          className="bOQKYc">
          for Typo3
        </p>
      </li>
    </ul>
  </div>
  <div
    className="ijckaj">
    <h2
      className="eUCYpf">
      News SEO
    </h2>
    <p
      className="hTJUTU">
       
      version 4.7
    </p>
    <img
      alt=""
      className="ieMZJu"
      src="Yoast_SEO_Icon_Small.svg" />
    <ul
      className="etVRNn">
      <li
        className="jVUpbY">
         
        <button
          className="gAzDzu"
          onClick={[Function]}>
          Download
        </button>
        <p
          className="bOQKYc">
          for Wordpress
        </p>
      </li>
      <li
        className="jVUpbY">
         
        <button
          className="gAzDzu"
          onClick={[Function]}>
          Download
        </button>
        <p
          className="bOQKYc">
          for Drupal
        </p>
      </li>
      <li
        className="jVUpbY">
         
        <button
          className="gAzDzu"
          onClick={[Function]}>
          Download
        </button>
        <p
          className="bOQKYc">
          for Typo3
        </p>
      </li>
    </ul>
  </div>
  <div
    className="ijckaj">
    <h2
      className="eUCYpf">
      Yoast SEO for WooCommerce
    </h2>
    <p
      className="hTJUTU">
       
      version 4.7
    </p>
    <img
      alt=""
      className="ieMZJu"
      src="Yoast_SEO_Icon_Small.svg" />
    <ul
      className="etVRNn">
      <li
        className="jVUpbY">
         
        <button
          className="gAzDzu"
          onClick={[Function]}>
          Download
        </button>
        <p
          className="bOQKYc">
          for Wordpress
        </p>
      </li>
    </ul>
  </div>
</div>
`;
