// Jest Snapshot v1, https://goo.gl/fbAQLP

exports[`The ImportDataStep component matches the snapshot 1`] = `
.c6 {
  height: 48px;
  margin: 0;
  padding: 0 16px;
  border: 0;
  border-bottom: 2px solid rgba(0,0,0,0.2);
  background-color: #64a60a;
  color: #fff;
  box-shadow: 0 2px 4px 0 rgba(0,0,0,0.2);
  border-radius: 4px;
  font: 400 14px/24px "Open Sans",sans-serif;
  text-transform: uppercase;
  cursor: pointer;
  vertical-align: top;
  -webkit-transition: background-color 150ms ease-out;
  transition: background-color 150ms ease-out;
}

.c6:hover,
.c6:focus {
  box-shadow: 0 4px 10px 0 rgba(0,0,0,0.2),inset 0 0 0 100px rgba( 0,0,0,0.1 );
}

.c6:active {
  -webkit-transform: translateY( 1px );
  -ms-transform: translateY( 1px );
  transform: translateY( 1px );
  box-shadow: none;
}

.c8 {
  text-shadow: 0px 0px 2px #000;
}

.c5 {
  color: #000;
  box-shadow: none;
  background-color: #fff;
  border: 1px solid #000;
  min-width: 152px;
}

.c5:hover,
.c5:focus {
  background-color: #64a60a;
  color: #fff;
  box-shadow: 0 2px 4px 0 rgba(0,0,0,0.2);
  border: 0;
  text-shadow: 0px 0px 2px #000;
}

.c7 {
  min-width: 152px;
}

.c1 {
  width: 100%;
  box-shadow: 0 2px 4px 0 rgba(0,0,0,0.2);
}

.c1.is-focused:not(.is-open) > .Select-control {
  border-color: #64a60a;
  box-shadow: none;
  background: #fff;
}

.c1 .Select-control {
  height: 48px;
  border-radius: 0;
}

.c1 .Select-placeholder {
  line-height: 48px;
}

.c1.Select--single > .Select-control .Select-value {
  line-height: 48px;
}

.c1 .Select-value-label {
  line-height: 48px;
}

.c1 .Select-input {
  line-height: 48px;
}

.c1 .Select-option {
  color: #000;
}

.c1 .Select-option.is-selected {
  background-color: #6dff003d;
}

.c1 .Select-option.is-focused {
  background-color: #64a60a;
  color: #fff;
}

.c3 {
  -webkit-flex: 1 0 200px;
  -ms-flex: 1 0 200px;
  flex: 1 0 200px;
  padding-bottom: 16px;
  text-align: right;
}

.c3 a,
.c3 button {
  margin-left: 12px;
}

.c2 {
  padding-top: 16px;
}

.c0 {
  display: inline-block;
  font-size: 1em;
  margin: 0 0 8px;
}

@media screen and ( max-width:800px ) {
  .c4 {
    width: 100%;
    background-image: none;
    padding: 12px 16px;
  }
}

@media screen and (max-width:800px) {
  .c3 {
    display: -webkit-box;
    display: -webkit-flex;
    display: -ms-flexbox;
    display: flex;
    -webkit-flex-direction: column;
    -ms-flex-direction: column;
    flex-direction: column;
    -webkit-align-items: center;
    -webkit-box-align: center;
    -ms-flex-align: center;
    align-items: center;
    -webkit-box-pack: center;
    -webkit-justify-content: center;
    -ms-flex-pack: center;
    justify-content: center;
  }

  .c3 a,
  .c3 button {
    margin-left: 0;
    margin-bottom: 8px;
  }
}

<div>
  <p>
    <span>
      Should we import data from another SEO plugin? We'll do this at no extra cost! If yes, please select one of the available plugins in the dropdown from which you would like to import data.
    </span>
  </p>
  <label
    className="c0"
    htmlFor="import-data-exists"
  >
    <span>
      Import from:
    </span>
  </label>
  <div
    className="Select c1 has-value is-searchable Select--single"
    style={undefined}
  >
    <input
      disabled={false}
      name="form-field-name"
      type="hidden"
      value="none"
    />
    <div
      className="Select-control"
      onKeyDown={[Function]}
      onMouseDown={[Function]}
      onTouchEnd={[Function]}
      onTouchMove={[Function]}
      onTouchStart={[Function]}
      style={undefined}
    >
      <span
        className="Select-multi-value-wrapper"
        id="react-select-2--value"
      >
        <div
          className="Select-value"
          style={undefined}
          title={undefined}
        >
          <span
            aria-selected="true"
            className="Select-value-label"
            id="react-select-2--value-item"
            role="option"
          >
            No plugin selected
          </span>
        </div>
        <div
          className="Select-input"
          style={
            Object {
              "display": "inline-block",
            }
          }
        >
          <input
            aria-activedescendant="react-select-2--value"
            aria-describedby={undefined}
            aria-expanded="false"
            aria-haspopup="false"
            aria-label={undefined}
            aria-labelledby={undefined}
            aria-owns=""
            className={undefined}
            id="import-data-exists"
            onBlur={[Function]}
            onChange={[Function]}
            onFocus={[Function]}
            required={false}
            role="combobox"
            style={
              Object {
                "boxSizing": "content-box",
                "width": "5px",
              }
            }
            tabIndex={undefined}
            value=""
          />
          <div
            style={
              Object {
                "height": 0,
                "left": 0,
                "overflow": "scroll",
                "position": "absolute",
                "top": 0,
                "visibility": "hidden",
                "whiteSpace": "pre",
              }
            }
          >
            
          </div>
        </div>
      </span>
      <span
        className="Select-arrow-zone"
        onMouseDown={[Function]}
      >
        <span
          className="Select-arrow"
          onMouseDown={[Function]}
        />
      </span>
    </div>
  </div>
  <div
    className="c2 c3"
  >
    <button
      className="c4 c5 c6"
      onClick={[Function]}
      type="button"
    >
      <span>
        back
      </span>
    </button>
    <button
      className="c4 c7 Button-kDSBcD c8 c6"
      onClick={[Function]}
      type="submit"
    >
      <span>
        continue
      </span>
    </button>
  </div>
</div>
`;
