exports[`test the large button matches the snapshot 1`] = `
<button
  className="jYptWH">
  ButtonValue
</button>
`;
