// Jest Snapshot v1, https://goo.gl/fbAQLP

exports[`the ListHeading matches the snapshot 1`] = `
<span
  className="bPutpn"
>
  This is a heading
</span>
`;
