exports[`test the logo matches the snapshot 1`] = `
<a
  href="/"
  onClick={[Function]}>
  <img
    alt="My logo alt"
    className="kqACYZ"
    size="300px"
    src="logo.svg" />
</a>
`;
