// Jest Snapshot v1, https://goo.gl/fbAQLP

exports[`the menu matches the snapshot 1`] = `
<nav
  className="bpAoaQ"
>
  <ul
    role="list"
  >
    <li>
      <a
        ariaCurrent="page"
        className="active-class-name esXMxt"
        href="/sites"
        onClick={[Function]}
        style={Object {}}
      >
        <img
          alt=""
          className="fHJXFs"
          src="sites.svg"
        />
        Sites
      </a>
    </li>
    <li>
      <a
        ariaCurrent="page"
        className="esXMxt"
        href="/courses"
        onClick={[Function]}
        style={undefined}
      >
        <img
          alt=""
          className="fHJXFs"
          src="courses.svg"
        />
        Courses
      </a>
    </li>
    <li>
      <a
        ariaCurrent="page"
        className="esXMxt"
        href="/downloads"
        onClick={[Function]}
        style={undefined}
      >
        <img
          alt=""
          className="fHJXFs"
          src="download.svg"
        />
        Downloads
      </a>
    </li>
    <li>
      <a
        ariaCurrent="page"
        className="esXMxt"
        href="/account"
        onClick={[Function]}
        style={undefined}
      >
        <img
          alt=""
          className="fHJXFs"
          src="user.svg"
        />
        Account
      </a>
    </li>
  </ul>
</nav>
`;
