exports[`test the new tab message component matches the snapshot 1`] = `
<span
  className="screen-reader-text fuqaAG">
  <span>
    (Opens in a new browser tab)
  </span>
</span>
`;
