exports[`test The Orders component matches the snapshot 1`] = `
<div>
  <div>
    <label
      className="bFGhCT"
      htmlFor="orderSearchBar">
      <span
        className="screen-reader-text foqgVb">
        Search
      </span>
    </label>
    <input
      aria-describedby="I am an order search bar id"
      autoCapitalize="off"
      autoComplete="off"
      autoCorrect="off"
      className="hhtLuS"
      id="orderSearchBar"
      onChange={[Function]}
      spellCheck="false"
      type="text"
      value={undefined} />
    <p
      className="screen-reader-text foqgVb"
      id="I am an order search bar id">
      I am an order search bar
    </p>
  </div>
  <div
    className="dnTGWH">
    <ul
      className="jplRhE"
      role="list">
      <li
        className="bFLiCB">
        <span
          className="ihJNsh">
          <span>
            May 20, 2012
          </span>
        </span>
        <span
          className="igKvAR">
          MOOIE 123 TEST
        </span>
        <span
          className="dKSGyu">
          TEST ITEM
        </span>
        <span
          className="eSGqFF">
          <span>
            â‚¬100.10
          </span>
        </span>
        <span
          className="sPQzX">
          Failed
        </span>
        <span
          className="emvmXy" />
      </li>
    </ul>
  </div>
</div>
`;
