// Jest Snapshot v1, https://goo.gl/fbAQLP

exports[`the page not found component matches the snapshot 1`] = `
.c1 {
  font-weight: 700;
  font-size: 2em;
}

.c0 {
  margin-top: 10vh;
  text-align: center;
}

.c0 img {
  width: 384px;
  max-width: 100%;
  height: auto;
  margin-top: 2em;
}

<div
  className="c0"
>
  <h1
    className="c1"
  >
    <span>
      Oops
    </span>
  </h1>
  <p>
    <span>
      I'm afraid the page you are looking for does not exist...
    </span>
  </p>
  <img
    alt=""
    src="PageNotFound.svg"
  />
</div>
`;
