exports[`test The Download component matches the snapshot 1`] = `
<div
  className="cbzkol">
  <h3
    className="eHeqpp">
    Yoast SEO
  </h3>
  <p
    className="jPEgOF">
     
    version 4.7
  </p>
  <img
    alt=""
    className="ieMZJu"
    src="Yoast_SEO_Icon_Small.svg" />
  <ul
    className="boOFOz">
    <li
      className="jVUpbY">
      <button
        aria-label="Download Yoast SEO for Wordpress"
        className="kqFwXf"
        onClick={[Function]}>
        Download
      </button>
      <p
        aria-hidden="true"
        className="cBxjGK">
        for Wordpress
      </p>
    </li>
    <li
      className="jVUpbY">
      <button
        aria-label="Download Yoast SEO for Drupal"
        className="kqFwXf"
        onClick={[Function]}>
        Download
      </button>
      <p
        aria-hidden="true"
        className="cBxjGK">
        for Drupal
      </p>
    </li>
  </ul>
</div>
`;
