// Jest Snapshot v1, https://goo.gl/fbAQLP

exports[`The RenewalNotification component matches the snapshot 1`] = `
.c3 {
  height: 48px;
  margin: 0;
  padding: 0 16px;
  border: 0;
  background-color: #64a60a;
  color: #fff;
  box-shadow: inset 0 -4px 0 rgba(0,0,0,0.2);
  -webkit-filter: drop-shadow(0 2px 4px rgb(0,0,0,0.2));
  filter: drop-shadow(0 2px 4px rgb(0,0,0,0.2));
  border-radius: 4px;
  font: 700 14px/24px "Open Sans",sans-serif;
  cursor: pointer;
  vertical-align: top;
  -webkit-transition: background-color 150ms ease-out;
  transition: background-color 150ms ease-out;
}

.c3:hover,
.c3:focus {
  box-shadow: 0 4px 10px 0 rgba(0,0,0,0.2),inset 0 0 0 100px rgba( 0,0,0,0.1 );
}

.c3:active {
  -webkit-transform: translateY( 1px );
  -ms-transform: translateY( 1px );
  transform: translateY( 1px );
  box-shadow: none;
}

.c2 {
  background-repeat: no-repeat;
  background-image: url( times.svg );
  background-position: 8px 50%;
  background-size: 24px;
  padding-left: 36px;
}

.c1 {
  background-color: transparent;
  background-position: 50%;
  padding-left: 0px;
  height: 32px;
  width: 32px;
  border-bottom: none;
  box-shadow: none;
  display: inline-block;
}

.c1:hover,
.c1:focus {
  box-shadow: none;
  background-color: transparent;
  opacity: .5;
}

.c7 {
  -webkit-transform: translateY(1em);
  -ms-transform: translateY(1em);
  transform: translateY(1em);
}

.c0 {
  background-color: #fff;
  box-shadow: 0 2px 4px 0 rgba(0,0,0,0.2);
  padding: 8px 32px;
  margin-bottom: 32px;
  position: relative;
  display: -webkit-box;
  display: -webkit-flex;
  display: -ms-flexbox;
  display: flex;
}

.c0 button {
  position: absolute;
  right: 16px;
  top: 16px;
}

.c6 {
  color: #000;
  -webkit-text-decoration: underline;
  text-decoration: underline;
}

.c6:hover,
.c6:focus {
  color: #0066cd;
}

.c4 {
  display: inline-block;
  margin-right: 32px;
  vertical-align: middle;
}

.c5 {
  width: 150px;
}

<div
  className="c0"
>
  <button
    aria-label="close"
    className="c1 c2 c3"
    onClick={[Function]}
    type="button"
  />
  <div
    className="c4"
  >
    <img
      className="c5"
      src="renewalNotification.svg"
    />
  </div>
  <div
    className="c4"
  >
    <h2>
      <span>
        One or more plugins are about to expire!
      </span>
    </h2>
    <p>
      <span>
        When they do, you will no longer receive (security) updates or support! The first one expires on 
        <span>
          October 09, 2018
        </span>
        .
      </span>
      <br />
      <a
        className="c6"
        href="https://my.yoast.test"
        rel="noopener noreferrer"
        target="_blank"
      >
        <span>
          Renew your subscription(s) on this page.
        </span>
        <span
          className="screen-reader-text c7"
        >
          <span>
            (Opens in a new browser tab)
          </span>
        </span>
      </a>
    </p>
  </div>
</div>
`;
