exports[`test the subscription detail component matches the snapshot 1`] = `
<div
  className="hryQvk">
  <div
    className="dTjaLK">
    <h2
      className="crGUjy">
      Payment details
    </h2>
    <ul
      className="kYxQsj"
      role="list">
      <li
        className="gmnUIR">
        <span
          className="column--subscription-detail-start-date abykF">
          Start date
        </span>
        <span
          className="column--subscription-detail-start-date abykF">
          <span>
            June 01, 2017
          </span>
        </span>
      </li>
      <li
        className="VURQv">
        <span
          className="column--subscription-detail-next-billing abykF">
          Next billing
        </span>
        <span
          className="column--subscription-detail-next-billing abykF">
          <span>
            June 01, 2018
          </span>
        </span>
      </li>
    </ul>
  </div>
  <div
    className="dTjaLK">
    <h2
      className="crGUjy">
      Subscription details
    </h2>
    <ul
      className="kYxQsj"
      role="list">
      <li
        className="gmnUIR">
        <span
          className="column--subscription-detail-add-site abykF">
          You can add 4 more sites to this subscription.
        </span>
        <span
          className="fvaPPL" />
      </li>
      <li
        className="VURQv">
        <span
          className="column--subscription-detail-change-level abykF">
          Change subscription level
        </span>
        <span
          className="fvaPPL" />
      </li>
      <li
        className="gmnUIR">
        <span
          className="column--subscription-detail-cancel abykF">
          Cancel subscription
        </span>
        <span
          className="fvaPPL" />
      </li>
    </ul>
  </div>
  <div
    className="dTjaLK">
    <h2
      className="crGUjy">
      Invoices
    </h2>
    <ul
      className="kYxQsj"
      role="list">
      <li
        className="gmnUIR">
        <span
          className="column--subscription-invoice-date abykF">
          <span>
            July 21, 2016
          </span>
        </span>
        <span
          className="column--subscription-invoice-amount abykF">
          $1
        </span>
        <span
          className="column--subscription-invoice-button fvaPPL" />
      </li>
      <li
        className="VURQv">
        <span
          className="column--subscription-invoice-date abykF">
          <span>
            July 22, 2016
          </span>
        </span>
        <span
          className="column--subscription-invoice-amount abykF">
          $200
        </span>
        <span
          className="column--subscription-invoice-button fvaPPL" />
      </li>
    </ul>
  </div>
</div>
`;
