exports[`test the white button matches the snapshot 1`] = `
<button
  className="ihiZKO"
  type="button">
  ButtonValue
</button>
`;
