// Jest Snapshot v1, https://goo.gl/fbAQLP

exports[`The CoursesProgress component matches the snapshot 1`] = `
.c1 {
  position: relative;
  background-color: #fff;
  width: 288px;
  font-size: 1em;
  list-style-type: none;
  box-shadow: 0 2px 4px 0 rgba(0,0,0,0.2);
}

.c2 {
  width: 100%;
}

.c3 {
  margin: 0px;
  padding: 20px;
  padding-top: 10px;
  border-bottom: 1px #ddd solid;
}

.c4 {
  padding: 0;
  margin: 0;
  margin-bottom: 15px;
  color: #a4286a;
  font-weight: 50;
  font-size: 1.5em;
  -webkit-text-decoration: none;
  text-decoration: none;
}

.c5 {
  margin: 0;
}

.c13 {
  background: none;
  border: 0px;
  padding: 0;
  color: #0066cd;
  -webkit-text-decoration: underline;
  text-decoration: underline;
  font-weight: bold;
  cursor: pointer;
}

.c13:hover {
  color: #cc2956;
}

.c13:focus {
  outline: none;
}

.c11 {
  display: inline-block;
  height: 48px;
  padding: 12px 16px;
  background-color: #64a60a;
  color: #fff;
  box-shadow: 0 2px 4px 0 rgba(0,0,0,0.2);
  border-radius: 4px;
  vertical-align: top;
  font: 400 14px/24px "Open Sans",sans-serif;
  text-transform: uppercase;
  -webkit-text-decoration: none;
  text-decoration: none;
  text-align: center;
  text-shadow: 0px 0px 2px #000;
  border-bottom: 2px solid rgba(0,0,0,0.2);
  -webkit-transition: background-color 150ms ease-out;
  transition: background-color 150ms ease-out;
}

.c11:hover,
.c11:focus {
  color: #fff;
}

.c11:hover,
.c11:focus {
  box-shadow: 0 4px 10px 0 rgba(0,0,0,0.2),inset 0 0 0 100px rgba( 0,0,0,0.1 );
}

.c11:active {
  -webkit-transform: translateY( 1px );
  -ms-transform: translateY( 1px );
  transform: translateY( 1px );
  box-shadow: none;
}

.c7 {
  position: relative;
  background-color: #ddd;
  border-radius: 5px;
  text-align: right;
}

.c9 {
  width: 50%;
  height: 25px;
  background-color: #77b227;
  border-radius: 5px;
}

.c8 {
  position: absolute;
  right: 10px;
  line-height: 25px;
  font-size: 0.75em;
  font-weight: bold;
  color: #000;
}

.c6 {
  padding: 24px;
  text-align: center;
}

.c12 {
  font-weight: bold;
  margin: 0;
  margin-top: 24px;
}

.c10 {
  margin-top: 24px;
  background-color: #77b227;
  color: #fff;
  width: 100%;
}

.c14 {
  background-color: #a4286a;
  color: #fff;
  width: 100%;
}

.c0 {
  display: grid;
  grid-template-columns: repeat(auto-fill,288px);
  grid-column-gap: 16px;
  grid-row-gap: 16px;
  -webkit-box-pack: center;
  -webkit-justify-content: center;
  -ms-flex-pack: center;
  justify-content: center;
  -webkit-align-items: flex-start;
  -webkit-box-align: flex-start;
  -ms-flex-align: flex-start;
  align-items: flex-start;
  padding: 0;
}

<ul
  className="c0"
>
  <li
    className="c1"
  >
    <a
      href="http://yoast.academy.test/awesome_seo"
    >
      <img
        alt="Awesome SEO Course"
        className="c2"
        src="sample_course_card_header.png"
      />
    </a>
    <div
      className="c3"
    >
      <a
        className="c4"
        href="http://yoast.academy.test/awesome_seo"
      >
        Awesome SEO Course
      </a>
      <p
        className="c5"
      >
        This is an awesome, sexy SEO course.
      </p>
    </div>
    <div
      className="c6"
    >
      <div
        className="c7"
      >
        <span
          aria-label="current progress"
          className="c8"
        >
          50
          %
        </span>
        <div
          className="c9"
        />
      </div>
      <a
        aria-label={undefined}
        className="c10 c11"
        href="http://yoast.academy.test/awesome_seo"
        rel="noopener noreferrer"
        target="_blank"
      >
        <span>
          Continue this course
        </span>
      </a>
      <p
        className="c12"
      >
        <span>
          4 / 5 assigned.
        </span>
         
        <button
          className="c13"
          onClick={[Function]}
        >
          <span>
            Assign courses
          </span>
        </button>
      </p>
    </div>
  </li>
  <li
    className="c1"
  >
    <img
      className="c2"
      src="sample_course_card_header.png"
    />
    <div
      className="c3"
    >
      <a
        className="c4"
        href={null}
      >
        Awesome SEO Course
      </a>
      <p
        className="c5"
      >
        This is an awesome, sexy SEO course.
      </p>
    </div>
    <div
      className="c6"
    >
      <a
        aria-label={undefined}
        className="c14 c11"
        href="http://yoast.test/shop"
        rel="noopener noreferrer"
        target="_blank"
      >
        <span>
          Get the full course
        </span>
      </a>
      <p
        className="c12"
      >
        <span>
          4 / 5 assigned.
        </span>
         
        <button
          className="c13"
          onClick={[Function]}
        >
          <span>
            Assign courses
          </span>
        </button>
      </p>
    </div>
  </li>
  <div />
</ul>
`;
