// Jest Snapshot v1, https://goo.gl/fbAQLP

exports[`The ProfileDetailsBlock component matches the snapshot 1`] = `
.c3 {
  -webkit-flex: 0 0 125px;
  -ms-flex: 0 0 125px;
  flex: 0 0 125px;
  height: 125px;
  width: 125px;
  border-radius: 50%;
  margin-right: 12px;
  object-fit: cover;
}

.c2 {
  display: inline-block;
  position: relative;
  width: 125px;
  height: 125px;
}

.c4 {
  position: absolute;
  bottom: 0;
  left: 0;
  width: 100%;
  height: 100%;
  border-radius: 50%;
  background: linear-gradient(rgba(0,0,0,0) 75%,rgba(0,0,0,0.5) 75%);
}

.c5 {
  position: absolute;
  bottom: 0;
  left: 0;
  width: 100%;
  padding: 8px;
  background: none;
  border: none;
  color: white;
  font-size: 12px;
  -webkit-text-decoration: underline;
  text-decoration: underline;
  text-align: center;
}

.c5:hover,
.c5:focus {
  color: white;
  cursor: pointer;
  -webkit-text-decoration: none;
  text-decoration: none;
}

.c6 {
  margin: 0;
  width: 100%;
  text-align: center;
  font-size: 12px;
  color: black;
}

.c11 {
  box-shadow: inset 0 1px 8px 0 rgba(0,0,0,0.3);
  background: #fff;
  border: 0;
  padding: 0 0 0 10px;
  font-size: 1em;
  font-family: "Open Sans",sans-serif;
  height: 3em;
  width: 100%;
}

.c9 {
  display: inline-block;
  font-size: 1em;
  margin: 16px 0 8px;
  font-weight: 700;
}

.c0 {
  display: -webkit-box;
  display: -webkit-flex;
  display: -ms-flexbox;
  display: flex;
  -webkit-flex-wrap: wrap;
  -ms-flex-wrap: wrap;
  flex-wrap: wrap;
  width: 100%;
  -webkit-box-pack: justify;
  -webkit-justify-content: space-between;
  -ms-flex-pack: justify;
  justify-content: space-between;
  text-align: left;
}

.c8 {
  width: 100%;
}

.c7 {
  width: 70%;
  padding-left: 20px;
}

.c7 div:last-of-type {
  margin-bottom: 0;
}

.c1 {
  width: 30%;
  margin: auto;
  margin-top: 25px;
  text-align: center;
}

.c10 {
  background-color: #f1f1f1;
}

@media screen and ( max-width:800px ) {
  .c7 {
    width: 100%;
  }
}

<form
  className="c0"
  onSubmit={undefined}
>
  <div
    className="c1"
  >
    <div
      className="c2"
      size="125px"
    >
      <img
        alt="Default profile image"
        className="c3"
        onError={[Function]}
        size="125px"
        src="https://s3.amazonaws.com/yoast-my-yoast/default-avatar.png"
      />
      <span
        className="c4"
      >
        <button
          aria-label="Change profile image"
          className="c5"
          onClick={[Function]}
          type="button"
        >
          <span>
            Change
          </span>
        </button>
      </span>
      <p
        className="c6"
      >
        <span>
          Maximum file size is 5 megabytes
        </span>
      </p>
      <input
        accept="image/png, image/jpeg, image/gif"
        aria-hidden={true}
        onChange={[Function]}
        style={
          Object {
            "display": "none",
          }
        }
        type="file"
      />
    </div>
  </div>
  <div
    className="c7 c8"
    id="left"
  >
    <label
      className="c9"
      htmlFor="first-name"
    >
      <span>
        First name
      </span>
    </label>
    <input
      className="c10 c11"
      id="first-name"
      name="first name"
      onChange={[Function]}
      type="text"
      value=""
      width="100%"
    />
    <label
      className="c9"
      htmlFor="last-name"
    >
      <span>
        Last name
      </span>
    </label>
    <input
      className="c10 c11"
      id="last-name"
      name="last name"
      onChange={[Function]}
      type="text"
      value=""
      width="100%"
    />
  </div>
</form>
`;
