// Jest Snapshot v1, https://goo.gl/fbAQLP

exports[`The ResetPasswordPage component matches the snapshot 1`] = `
.c0 {
  display: -webkit-box;
  display: -webkit-flex;
  display: -ms-flexbox;
  display: flex;
}

.c1 {
  width: 480px;
}

.c14 {
  height: 48px;
  margin: 0;
  padding: 0 16px;
  border: 0;
  background-color: #64a60a;
  color: #fff;
  box-shadow: inset 0 -4px 0 rgba(0,0,0,0.2);
  -webkit-filter: drop-shadow(0 2px 4px rgb(0,0,0,0.2));
  filter: drop-shadow(0 2px 4px rgb(0,0,0,0.2));
  border-radius: 4px;
  font: 700 14px/24px "Open Sans",sans-serif;
  cursor: pointer;
  vertical-align: top;
  -webkit-transition: background-color 150ms ease-out;
  transition: background-color 150ms ease-out;
}

.c14:hover,
.c14:focus {
  box-shadow: 0 4px 10px 0 rgba(0,0,0,0.2),inset 0 0 0 100px rgba( 0,0,0,0.1 );
}

.c14:active {
  -webkit-transform: translateY( 1px );
  -ms-transform: translateY( 1px );
  transform: translateY( 1px );
  box-shadow: none;
}

.c13 {
  text-shadow: 0px 0px 2px #000;
}

.c10 {
  box-shadow: inset 0 1px 8px 0 rgba(0,0,0,0.3);
  background: #fff;
  border: 0;
  padding: 0 0 0 10px;
  font-size: 1em;
  font-family: "Open Sans",sans-serif;
  height: 3em;
  width: 100%;
}

.c9 {
  background-color: #f7f7f7;
}

.c9:not(:only-child ) {
  border: 2px solid #dc3232;
}

.c8 {
  display: inline-block;
  font-size: 1em;
  margin: 16px 0 8px;
  font-weight: 700;
}

.c3 {
  text-align: center;
  margin-bottom: 40px;
}

.c2 {
  margin: 20px;
}

.c4 {
  width: 360px;
}

.c5 {
  position: relative;
  width: 100%;
  height: 300px;
  margin-top: 40px;
}

.c6 {
  width: 100%;
}

.c7 {
  margin-top: 5px;
}

.c11 {
  position: absolute;
  bottom: 0;
  width: 100%;
}

.c12 {
  margin: 1em 0;
  width: 100%;
}

@media screen and ( max-width:1024px ) {
  .c1:not(:only-child) {
    display: none;
  }
}

<div
  className="c0"
>
  <div
    className="c1"
  >
    <div
      className="c2"
    >
      <div
        className="c3"
      >
        <img
          alt="MyYoast - Yoast Academy"
          className="c4"
          src="my-yoast-academy-logo.svg"
        />
      </div>
      <span>
        Please enter a new password for the MyYoast account linked to [undefined].
      </span>
      <form
        className="c5"
        onSubmit={[Function]}
      >
        <div
          className="c6"
        >
          <label
            className="c7 c8"
            htmlFor="password"
          >
            <span>
              New password
            </span>
          </label>
          <div>
            <input
              className="c9 c10"
              id="password"
              onChange={[Function]}
              type="password"
              width="100%"
            />
          </div>
        </div>
        <div
          className="c6"
        >
          <label
            className="c7 c8"
            htmlFor="password-repeat"
          >
            <span>
              Repeat new password
            </span>
          </label>
          <div>
            <input
              className="c9 c10"
              id="password-repeat"
              onChange={[Function]}
              type="password"
              width="100%"
            />
          </div>
        </div>
        <div
          className="c11"
        >
          <button
            className="c12 c13 c14"
            type="submit"
          >
            <span>
              Confirm password change
            </span>
          </button>
        </div>
      </form>
    </div>
  </div>
</div>
`;
