// Jest Snapshot v1, https://goo.gl/fbAQLP

exports[`the configuration service request intake block component matches the snapshot 1`] = `
.c0 {
  box-shadow: 0 2px 4px 0 rgba(0,0,0,0.2);
}

.c4 {
  background-color: #fff;
  padding: 16px 24px;
}

.c9 {
  height: 48px;
  margin: 0;
  padding: 0 16px;
  border: 0;
  border-bottom: 2px solid rgba(0,0,0,0.2);
  background-color: #64a60a;
  color: #fff;
  box-shadow: 0 2px 4px 0 rgba(0,0,0,0.2);
  border-radius: 4px;
  font: 400 14px/24px "Open Sans",sans-serif;
  text-transform: uppercase;
  cursor: pointer;
  vertical-align: top;
  -webkit-transition: background-color 150ms ease-out;
  transition: background-color 150ms ease-out;
}

.c9:hover,
.c9:focus {
  box-shadow: 0 4px 10px 0 rgba(0,0,0,0.2),inset 0 0 0 100px rgba( 0,0,0,0.1 );
}

.c9:active {
  -webkit-transform: translateY( 1px );
  -ms-transform: translateY( 1px );
  transform: translateY( 1px );
  box-shadow: none;
}

.c8 {
  text-shadow: 0px 0px 2px #000;
}

.c7 {
  min-width: 152px;
}

.c1 {
  margin-top: 24px;
  background-color: #fff;
}

.c2 {
  display: -webkit-box;
  display: -webkit-flex;
  display: -ms-flexbox;
  display: flex;
  width: 100%;
  -webkit-box-pack: justify;
  -webkit-justify-content: space-between;
  -ms-flex-pack: justify;
  justify-content: space-between;
  -webkit-align-items: center;
  -webkit-box-align: center;
  -ms-flex-align: center;
  align-items: center;
  background-color: #fff;
  padding: 24px 32px;
  border: none;
  text-align: left;
  font-weight: 300;
  cursor: pointer;
  color: #000;
}

.c2 svg {
  -webkit-flex: 0 0 40px;
  -ms-flex: 0 0 40px;
  flex: 0 0 40px;
  margin-right: -10px;
  margin-left: 10px;
  margin-top: -4px;
  margin-bottom: -4px;
  -webkit-align-self: flex-start;
  -ms-flex-item-align: start;
  align-self: flex-start;
}

.c3 {
  -webkit-flex: 1 1 auto;
  -ms-flex: 1 1 auto;
  flex: 1 1 auto;
  font-size: 1.5em;
  line-height: 1.33333333;
  -webkit-align-self: center;
  -ms-flex-item-align: center;
  align-self: center;
}

.c5 {
  white-space: nowrap;
  min-width: initial;
}

@media screen and ( max-width:800px ) {
  .c6 {
    width: 100%;
    background-image: none;
    padding: 12px 16px;
  }
}

@media screen and ( max-width:1355px ) {
  .c2 {
    padding: 16px 24px;
  }
}

@media screen and ( max-width:800px ) {
  .c2 {
    padding: 16px;
  }
}

@media screen and ( max-width:1355px ) {
  .c2 svg {
    margin-top: 4px;
    margin-bottom: 4px;
    margin-right: -2px;
  }
}

<div
  className="c0"
>
  <div
    className="c1"
  >
    <button
      aria-expanded={true}
      className="c2"
      onClick={[Function]}
    >
      <span
        className="c3"
      >
        Request configuration service
      </span>
      <svg
        aria-hidden="true"
        fill="#555"
        focusable="false"
        height={40}
        role="img"
        viewBox="0 0 24 24"
        width={40}
      >
        <path
          d="M7.41 15.41L12 10.83l4.59 4.58L18 14l-6-6-6 6z"
        />
      </svg>
    </button>
    <div
      className="c4"
    >
      <div>
        <p>
          <span>
            You have purchased 1 available configuration service, which you can apply to one of your websites.
          </span>
        </p>
        <p>
          <span>
            Let us help you configure the plugins for your website. Click on the button below to open the intake form.
          </span>
        </p>
      </div>
      <button
        className="c5 c6 c7 Button-kDSBcD c8 c9"
        onClick={[Function]}
        type="button"
      >
        Request configuration service for this site
      </button>
    </div>
  </div>
</div>
`;
